test guru interface:
finufft_plan creation for 100 modes completed in 0.00142 s
[guru] sort (did_sort=1):	 4.79e-05 s
set NU points for 10x10 src points completed in 5.1e-05 s
[guru] spread:			 2.03 s
[guru] fft :			 0.0127 s
deconvolve & copy out:		 0.0315 s
execute 20000 of: 100 NU pts to (10,10) modes in 2.07 s or 	9.64e+05 NU pts/s
one mode in first trial: rel err in F[3,2] is 6.4e-08
one mode in last trial: rel err in F[3,2] is 3.01e-07
dirft2d: rel l2-err of result F is 7.64e-07
test finufft2d1many interface
2d1many: ndata=20000 (ms,mt)=(10,10) (nf1,nf2)=(20,20) nj=100 ...
kernel fser (ns=7):	 0.000131 s
fftw plan (64)    	 0.000235 s
[many] sort (did_sort=1):	 4.41e-05 s
[many] spread:			 1.61 s
[many] fft (8 threads):		 0.0838 s
[many] deconvolve & copy out:	 0.0352 s
    20000 of: 100 NU pts to (10,10) modes in 1.73 s 	1.16e+06 NU pts/s
	speedup (T_finufft2d1many/T_finufft_guru) = 0.834
err check vs many: sup( ||F_guru-F_many|| / ||F_many||_2 ) = 2.84e-16
	speedup (T_finufft2d1/T_finufft_guru) = 5.82
err check vs non-many: sup( ||F_guru-F_single|| / ||F_single||_2 ) = 2.84e-16
test guru interface:
finufft_plan creation for 10000 modes completed in 0.00266 s
[guru] sort (did_sort=1):	 0.000487 s
set NU points for 100x100 src points completed in 0.000491 s
[guru] spread:			 1.87 s
[guru] fft :			 0.162 s
deconvolve & copy out:		 0.0897 s
execute 750 of: 10000 NU pts to (100,100) modes in 2.12 s or 	3.53e+06 NU pts/s
one mode in first trial: rel err in F[37,26] is 3.41e-07
one mode in last trial: rel err in F[37,26] is 1.02e-07
dirft2d: rel l2-err of result F is 1.15e-06
test finufft2d1many interface
2d1many: ndata=750 (ms,mt)=(100,100) (nf1,nf2)=(200,200) nj=10000 ...
kernel fser (ns=7):	 0.000148 s
fftw plan (64)    	 0.00142 s
[many] sort (did_sort=1):	 0.000313 s
[many] spread:			 1.53 s
[many] fft (8 threads):		 0.187 s
[many] deconvolve & copy out:	 0.0313 s
    750 of: 10000 NU pts to (100,100) modes in 1.75 s 	4.29e+06 NU pts/s
	speedup (T_finufft2d1many/T_finufft_guru) = 0.822
err check vs many: sup( ||F_guru-F_many|| / ||F_many||_2 ) = 1.76e-16
	speedup (T_finufft2d1/T_finufft_guru) = 1.36
err check vs non-many: sup( ||F_guru-F_single|| / ||F_single||_2 ) = 1.89e-16
test guru interface:
finufft_plan creation for 1000000 modes completed in 0.00314 s
[guru] sort (did_sort=1):	 0.036 s
set NU points for 1000x1000 src points completed in 0.036 s
[guru] spread:			 3.42 s
[guru] fft :			 0.705 s
deconvolve & copy out:		 0.139 s
execute 15 of: 1000000 NU pts to (1000,1000) modes in 4.27 s or 	3.52e+06 NU pts/s
one mode in first trial: rel err in F[370,260] is 6.29e-08
one mode in last trial: rel err in F[370,260] is 3.6e-08
test finufft2d1many interface
2d1many: ndata=15 (ms,mt)=(1000,1000) (nf1,nf2)=(2000,2000) nj=1000000 ...
kernel fser (ns=7):	 0.000198 s
fftw plan (64)    	 0.00171 s
[many] sort (did_sort=1):	 0.0254 s
[many] spread:			 3 s
[many] fft (8 threads):		 0.794 s
[many] deconvolve & copy out:	 0.0422 s
    15 of: 1000000 NU pts to (1000,1000) modes in 3.88 s 	3.87e+06 NU pts/s
	speedup (T_finufft2d1many/T_finufft_guru) = 0.9
err check vs many: sup( ||F_guru-F_many|| / ||F_many||_2 ) = 8.45e-17
	speedup (T_finufft2d1/T_finufft_guru) = 1.13
err check vs non-many: sup( ||F_guru-F_single|| / ||F_single||_2 ) = 9.49e-17
test guru interface:
finufft_plan creation for 1000000 modes completed in 0.00331 s
[guru] sort (did_sort=1):	 0.00118 s
set NU points for 1000x1000 src points completed in 0.00118 s
[guru] spread:			 0.364 s
[guru] fft :			 0.447 s
deconvolve & copy out:		 0.0954 s
execute 10 of: 10 NU pts to (1000,1000) modes in 0.906 s or 	110 NU pts/s
one mode in first trial: rel err in F[370,260] is 2.68e-07
one mode in last trial: rel err in F[370,260] is 0.324
dirft2d: rel l2-err of result F is 1.1e-06
test finufft2d1many interface
2d1many: ndata=10 (ms,mt)=(1000,1000) (nf1,nf2)=(2000,2000) nj=10 ...
kernel fser (ns=7):	 0.000218 s
fftw plan (64)    	 0.00173 s
[many] sort (did_sort=1):	 0.000826 s
[many] spread:			 0.0837 s
[many] fft (8 threads):		 0.773 s
[many] deconvolve & copy out:	 0.0414 s
    10 of: 10 NU pts to (1000,1000) modes in 0.916 s 	109 NU pts/s
	speedup (T_finufft2d1many/T_finufft_guru) = 1.01
err check vs many: sup( ||F_guru-F_many|| / ||F_many||_2 ) = 0
	speedup (T_finufft2d1/T_finufft_guru) = 1.06
err check vs non-many: sup( ||F_guru-F_single|| / ||F_single||_2 ) = 0
